// Jest Snapshot v1, https://goo.gl/fbAQLP

exports[`keyed partially applied renders diagram 1`] = `
"a: a
├── b: a/b
│   ├── b1: a/b/b1
│   └── b2: a/b/b2
└── c: a/c
    ├── c1: a/c/c1
    └── c2: a/c/c2"
`;
